a:
- 0.12000000000000455
- 100.0
b:
- 0.7199999999999989
- 100.0