# serializer version: 1
# name: test_parse_output
  Receipt(amount=1.0, currency='USD', customer='John Doe')
# ---
# name: test_pydantic_parser_get_format_instructions
  '''
  The output should be formatted as a JSON instance that conforms to the JSON schema below.
  
  As an example, for the schema {"properties": {"foo": {"title": "Foo", "description": "a list of strings", "type": "array", "items": {"type": "string"}}}, "required": ["foo"]}}
  the object {"foo": ["bar", "baz"]} is a well-formatted instance of the schema. The object {"properties": {"foo": ["bar", "baz"]}} is not well-formatted.
  
  Here is the output schema:
  ```
  {"description": "The Receipt for user", "properties": {"amount": {"title": "Amount", "type": "number"}, "currency": {"title": "Currency", "description": "ISO 4217 currency code", "type": "string"}, "customer": {"title": "Customer", "type": "string"}}, "required": ["amount", "currency", "customer"]}
  ```
  '''
# ---
