apiVersion: v1
kind: Namespace
metadata:
  name: prod-frontend
spec:
  finalizers:
  - test
