alice:
  name:
    name:
      name: rename
  gender: female