alice:
  name:
    firstName: Alice
    lastName: Terry