persons:
- name: Alice
  age: 18
- name: Bob
  age: 10
persons2:
- name: Alice
  age: 18
- name: Bob
  age: 10
