downlimit: 1.175494351e-38
uplimit: 3.4e+38
epsilon: 2.22e-16
a: 3.4e+40
b: 1.175494351e-36
